13:44:26 ── p5_postprocess_run_xlsx
医疗随机: runs/health-pool3/gen01/postprocessed/medical_zh_v2_query_挖掘结果_含来源.xlsx  (20,316 rows, 传统搜索随机1w 10,000 · 健康管家随机1w 10,316)
13:44:33 ── p5_deliverables
医疗随机: 医疗随机_POOLED5_逐行标注.xlsx — 20,316 labelled rows, 305 removed rows, 20 L1 classes
13:44:37 ── p5_snapshot_classes
  → runs/health-pool3/gen01/postprocessed/medical_zh_v2_意图与聚类叶_跨快照对比.xlsx
医疗随机: 20,316 行 · 传统搜索随机1w 10,000 · 健康管家随机1w 10,316 · 自上而下 L1 意图 20类(仅搜索0/仅助手0) · 自上而下 L2 子意图 51类(仅搜索0/仅助手0) · 自下而上 家族 33类(仅搜索0/仅助手0) · 自下而上 叶 33类(仅搜索0/仅助手0)
13:44:39 ── p5_snapshot_figs
findfont: Failed to find font weight normal, now using 300.
findfont: Failed to find font weight normal, now using 300.
findfont: Failed to find font weight normal, now using 300.
findfont: Failed to find font weight normal, now using 300.
findfont: Failed to find font weight normal, now using 300.
findfont: Failed to find font weight normal, now using 300.
findfont: Failed to find font weight normal, now using 300.
findfont: Failed to find font weight normal, now using 300.
findfont: Failed to find font weight normal, now using 300.
医疗随机: L1意图_占比热图.png · L1意图_均衡指数热图.png · 叶_占比热图.png · 叶_均衡指数热图.png · 快照两两距离.png · 界面散点.png
13:44:40 ── p5_snapshot_report
医疗随机: runs/health-pool3/gen01/postprocessed/medical_zh_v2_意图与聚类叶_跨快照对比.zh.md  (137,986 字符, 1,386 表格行)
13:44:41 ── p5_snapshot_verify
医疗随机: 未匹配数字 0 · 问题引文 0 → analysis/pooled5/work/医疗随机/snapshot_classes/verify.md
13:44:41 all six steps done
