16:54:21 ── p5_postprocess_run_xlsx
医疗8: runs/med-pool8/gen01/postprocessed/medical_zh_v2_query_挖掘结果_含来源.xlsx  (44,019 rows, 2025搜索 9,998 · 2025搜索随机1w 10,000 · 2026搜索 9,998 · 2026搜索随机1w 10,000 · 助手头部1k 958 · 助手随机1k 998 · 助手语音头部1k 1,067 · 助手语音1k 1,000)
16:54:31 ── p5_deliverables
医疗8: 医疗8_POOLED5_逐行标注.xlsx — 44,019 labelled rows, 48 removed rows, 17 L1 classes
16:54:38 ── p5_snapshot_classes
  → runs/med-pool8/gen01/postprocessed/medical_zh_v2_意图与聚类叶_跨快照对比.xlsx
医疗8: 44,019 行 · 2025搜索 9,998 · 2025搜索随机1w 10,000 · 2026搜索 9,998 · 2026搜索随机1w 10,000 · 助手头部1k 958 · 助手随机1k 998 · 助手语音头部1k 1,067 · 助手语音1k 1,000 · 自上而下 L1 意图 17类(仅搜索1/仅助手0) · 自上而下 L2 子意图 55类(仅搜索1/仅助手0) · 自下而上 家族 37类(仅搜索0/仅助手0) · 自下而上 叶 41类(仅搜索0/仅助手0)
16:54:49 ── p5_snapshot_figs
findfont: Failed to find font weight normal, now using 300.
findfont: Failed to find font weight normal, now using 300.
findfont: Failed to find font weight normal, now using 300.
findfont: Failed to find font weight normal, now using 300.
findfont: Failed to find font weight normal, now using 300.
findfont: Failed to find font weight normal, now using 300.
findfont: Failed to find font weight normal, now using 300.
findfont: Failed to find font weight normal, now using 300.
findfont: Failed to find font weight normal, now using 300.
医疗8: L1意图_占比热图.png · L1意图_均衡指数热图.png · 叶_占比热图.png · 叶_均衡指数热图.png · 快照两两距离.png · 界面散点.png
16:54:51 ── p5_snapshot_report
医疗8: runs/med-pool8/gen01/postprocessed/medical_zh_v2_意图与聚类叶_跨快照对比.zh.md  (303,418 字符, 1,797 表格行)
16:54:52 ── p5_snapshot_verify
医疗8: 未匹配数字 0 · 问题引文 0 → analysis/pooled5/work/医疗8/snapshot_classes/verify.md
16:54:53 all six steps done
