13:25:04 ── p5_postprocess_run_xlsx
影视8: runs/film-pool8/gen01/postprocessed/film_tv_zh_v2_query_挖掘结果_含来源.xlsx  (43,933 rows, 2025搜索 9,998 · 2025搜索随机1w 10,000 · 2026搜索 9,999 · 2026搜索随机1w 10,000 · 助手头部1k 955 · 助手随机1k 982 · 助手语音头部1k 999 · 助手语音随机1k 1,000)
13:25:15 ── p5_deliverables
影视8: 影视8_POOLED5_逐行标注.xlsx — 43,933 labelled rows, 67 removed rows, 17 L1 classes
13:25:22 ── p5_snapshot_classes
  → runs/film-pool8/gen01/postprocessed/film_tv_zh_v2_意图与聚类叶_跨快照对比.xlsx
影视8: 43,933 行 · 2025搜索 9,998 · 2025搜索随机1w 10,000 · 2026搜索 9,999 · 2026搜索随机1w 10,000 · 助手头部1k 955 · 助手随机1k 982 · 助手语音头部1k 999 · 助手语音随机1k 1,000 · 自上而下 L1 意图 17类(仅搜索0/仅助手0) · 自上而下 L2 子意图 54类(仅搜索0/仅助手0) · 自下而上 家族 52类(仅搜索0/仅助手0) · 自下而上 叶 58类(仅搜索0/仅助手0)
13:25:33 ── p5_snapshot_figs
findfont: Failed to find font weight normal, now using 300.
findfont: Failed to find font weight normal, now using 300.
findfont: Failed to find font weight normal, now using 300.
findfont: Failed to find font weight normal, now using 300.
findfont: Failed to find font weight normal, now using 300.
findfont: Failed to find font weight normal, now using 300.
findfont: Failed to find font weight normal, now using 300.
findfont: Failed to find font weight normal, now using 300.
findfont: Failed to find font weight normal, now using 300.
影视8: L1意图_占比热图.png · L1意图_均衡指数热图.png · 叶_占比热图.png · 叶_均衡指数热图.png · 快照两两距离.png · 界面散点.png
13:25:35 ── p5_snapshot_report
影视8: runs/film-pool8/gen01/postprocessed/film_tv_zh_v2_意图与聚类叶_跨快照对比.zh.md  (339,348 字符, 1,969 表格行)
13:25:36 ── p5_snapshot_verify
影视8: 未匹配数字 0 · 问题引文 0 → analysis/pooled5/work/影视8/snapshot_classes/verify.md
13:25:37 all six steps done
