17:22:36 ── p5_postprocess_run_xlsx
人物8: runs/ppl-pool8b/gen01/postprocessed/people_zh_v2_query_挖掘结果_含来源.xlsx  (43,802 rows, 2025搜索 9,983 · 2025搜索随机1w 9,999 · 2026搜索 9,982 · 2026搜索随机1w 10,000 · 助手头部1k 889 · 助手随机1k 950 · 助手语音头部1k 999 · 助手语音随机1k 1,000)
17:22:46 ── p5_deliverables
人物8: 人物8_POOLED5_逐行标注.xlsx — 43,802 labelled rows, 198 removed rows, 21 L1 classes
17:22:53 ── p5_snapshot_classes
  → runs/ppl-pool8b/gen01/postprocessed/people_zh_v2_意图与聚类叶_跨快照对比.xlsx
人物8: 43,802 行 · 2025搜索 9,983 · 2025搜索随机1w 9,999 · 2026搜索 9,982 · 2026搜索随机1w 10,000 · 助手头部1k 889 · 助手随机1k 950 · 助手语音头部1k 999 · 助手语音随机1k 1,000 · 自上而下 L1 意图 21类(仅搜索1/仅助手0) · 自上而下 L2 子意图 53类(仅搜索3/仅助手0) · 自下而上 家族 37类(仅搜索0/仅助手0) · 自下而上 叶 37类(仅搜索0/仅助手0)
17:23:03 ── p5_snapshot_figs
findfont: Failed to find font weight normal, now using 300.
findfont: Failed to find font weight normal, now using 300.
findfont: Failed to find font weight normal, now using 300.
findfont: Failed to find font weight normal, now using 300.
findfont: Failed to find font weight normal, now using 300.
findfont: Failed to find font weight normal, now using 300.
findfont: Failed to find font weight normal, now using 300.
findfont: Failed to find font weight normal, now using 300.
findfont: Failed to find font weight normal, now using 300.
人物8: L1意图_占比热图.png · L1意图_均衡指数热图.png · 叶_占比热图.png · 叶_均衡指数热图.png · 快照两两距离.png · 界面散点.png
17:23:06 ── p5_snapshot_report
人物8: runs/ppl-pool8b/gen01/postprocessed/people_zh_v2_意图与聚类叶_跨快照对比.zh.md  (292,435 字符, 1,803 表格行)
17:23:06 ── p5_snapshot_verify
人物8: 未匹配数字 0 · 问题引文 0 → analysis/pooled5/work/人物8/snapshot_classes/verify.md
17:23:07 all six steps done
