Warning: You are sending unauthenticated requests to the HF Hub. Please set a HF_TOKEN to enable higher rate limits and faster downloads.
Loading weights:   0%|          | 0/199 [00:00<?, ?it/s]Loading weights: 100%|██████████| 199/199 [00:00<00:00, 71978.83it/s]

===== 金融  (2026搜索参照池 n=9,999, device=mps) =====
  随机同域搜索对 cos: p50 0.350  p90 0.534  p99 0.653
  对照 2026搜索前1000 → 其余      median 0.935 | 完全相同   5.8% | ≥0.90  73.7% | 0.80–0.90  16.2% | 0.70–0.80   3.4% | <0.70   0.9%
  2025search        → 2026搜索      median 1.000 | 完全相同  54.8% | ≥0.90  16.8% | 0.80–0.90  14.2% | 0.70–0.80   9.4% | <0.70   4.7%   (n=9,998, 对照·时间)
     [≥0.90] 黄金今日价格多少一克 → 黄金今日价多少一克(0.99) ‖ 支付宝电话 → 支付宝客服电话(0.90) ‖ 平安银行信用卡客服电话 → 平安信用卡客服电话(0.98) ‖ 浙江世宝股票股吧 → 浙江世宝股票(0.95)
     [0.80–0.90] 万里马股票股吧 → 万马股份股吧(0.90) ‖ 小商品城 → 小商品城股票(0.80) ‖ 17亿韩元相当于多少人民币 → 20亿韩元相当于多少人民币(0.81) ‖ 300649 → 300699(0.90)
     [0.70–0.80] 全民钱包 → 钱能钱包(0.76) ‖ 奥元兑人民币实时汇率 → 美元兑人民币实时汇率(0.79) ‖ 数字钱包app官方下载 → k豆钱包app官网下载com(0.78) ‖ 1388 → 1389(0.75)
     [<0.70] 什么水果在银行上班? → 银行几点上班(0.59) ‖ 捷冠贷款app可靠吗 → 众安贷是正规贷款吗(0.67) ‖ 布鲁交易所是正规平台吗 → 放心借是正规借款平台吗(0.56) ‖ 股票回购是利好还是利空 → 国债逆回购是怎么回事(0.61)
  assistant_top     → 2026搜索      median 1.000 | 完全相同  52.4% | ≥0.90   9.3% | 0.80–0.90   8.3% | 0.70–0.80  11.4% | <0.70  18.6%   (n=950, 探针)
     [≥0.90] 等额本息和等额本金哪个划算 → 等额本息与等额本金哪个划算(0.99) ‖ 黄金多少钱一克？ → 黄金多少钱一克?(0.97) ‖ 蚂蚁庄园今日答题 → 蚂蚁庄园答题今日答案(0.96) ‖ 一美元等于多少人民币？ → 一美元等于多少人民币(0.96)
     [0.80–0.90] 众安保险可靠吗 → 众安保险是不是国家正规保险(0.84) ‖ 银行卡被冻结后多久能解冻 → 银行卡冻结了多久可以自动解除(0.88) ‖ 平安车险在线投保官网 → 平安保险官网(0.86) ‖ 京东金融借钱平台 → 京东金融(0.88)
     [0.70–0.80] 学平险 → 平安保险(0.72) ‖ A股ipo最新名单 → ipo(0.76) ‖ 分析走势 → 股市行情走势分析(0.80) ‖ 平安雇主责任险价格 → 雇主责任险是什么意思(0.74)
     [<0.70] 预选行 → 四大行(0.58) ‖ 五星智投 → 国投智能(0.69) ‖ 中国邮政银行短信提醒服务收费吗 → 中国邮政储蓄银行客服电话(0.66) ‖ 邮政储蓄银行扣除短信费30元 → 邮政储蓄银行(0.69)
  assistant_random  → 2026搜索      median 0.655 | 完全相同   0.2% | ≥0.90   1.4% | 0.80–0.90   8.5% | 0.70–0.80  24.2% | <0.70  65.7%   (n=987, 探针)
     [≥0.90] 上工申贝股吧 → 上工申贝股票(0.94) ‖ 韩国股市大盘指数行情 → 韩国股市指数实时行情(0.92) ‖ 阳光电源股票为什么暴跌 → 阳光电源今天为什么大跌(0.92) ‖ 分析大盘走势 → 股市大盘走势分析(0.90)
     [0.80–0.90] 星宇股份是股票吗？ → 星宇股份股票(0.83) ‖ 中毅达的股价走势如何 → 中毅达股票(0.86) ‖ 如何开启支付宝的碰一下支付功能 → 支付宝碰一碰怎么使用(0.81) ‖ 10万元存半年利息有多少 → 10万元一年利息多少(0.86)
     [0.70–0.80] 010347基金近期走势如何 → 010013基金今天最新净值(0.74) ‖ ai手机核心概念股 → ai应用端龙头股票有哪些(0.78) ‖ 利息每个月多少 → 10万元一年利息多少(0.80) ‖ 千里科技客户质量经理岗位有股票期权吗 → 千里科技股票(0.70)
     [<0.70] 车上人员责任险买几个座位最划算 → 车险哪家好又便宜又好(0.62) ‖ 长期0申报会影响个人征信吗 → 个人征信(0.70) ‖ 折T → 黄金t d(0.55) ‖ 中国农业银行得不得也办一一张信用卡？ → 农村信用社银行(0.68)
  assistant_voice   → 2026搜索      median 0.719 | 完全相同   6.5% | ≥0.90   7.7% | 0.80–0.90  13.6% | 0.70–0.80  27.4% | <0.70  44.8%   (n=1,000, 探针)
     [≥0.90] 交强险要多少钱一年 → 交强险多少钱一年(0.99) ‖ 汉威科技股票代码 → 汉威科技股票(0.92) ‖ 5000000韩币折合人民币多少钱 → 50000韩币是多少人民币(0.95) ‖ 宝付支付下载安装 → 支付宝下载安装(0.94)
     [0.80–0.90] 100000港币折合人民币多少元 → 1000港币等于多少人民币(0.85) ‖ 三安光电最近行 → 三安光电今天最新消息(0.85) ‖ 海特生物股吧 → 海特高新股吧(0.85) ‖ 十欧等于多少人民币 → 1欧元等于多少人民币(0.83)
     [0.70–0.80] 1000000亿津巴卢韦币是多少人民币 → 津巴布韦币兑换人民币汇率(0.74) ‖ 大学生助学贷款毕业当年还贷无需支付利息吗 → 助学贷款毕业后多久开始算利息(0.78) ‖ 招远鑫耀股票代码 → 长鑫科技股票代码(0.78) ‖ 埃塞俄比亚与人民币的汇率是多少 → 人民币汇率(0.70)
     [<0.70] ATM机不用返回首页直接退卡可以吗 → 无卡存款怎么操作ATM(0.67) ‖ 医药股医药和创新药这个赛道的估值是最近几年是哪一 → 创新药板块(0.70) ‖ 俄罗斯股市总价值 → 韩国股市(0.63) ‖ 低血糖表现蚂蚁庄园 → 蚂蚁庄园(0.63)

===== 医疗  (2026搜索参照池 n=9,998, device=mps) =====
  随机同域搜索对 cos: p50 0.299  p90 0.450  p99 0.572
  对照 2026搜索前1000 → 其余      median 0.894 | 完全相同   0.3% | ≥0.90  47.9% | 0.80–0.90  35.0% | 0.70–0.80  14.1% | <0.70   2.7%
  2025search        → 2026搜索      median 1.000 | 完全相同  63.3% | ≥0.90  12.8% | 0.80–0.90  12.2% | 0.70–0.80   7.5% | <0.70   4.1%   (n=9,998, 对照·时间)
     [≥0.90] 依折麦布片的功效与作用 → 依折麦布片的功效和作用(1.00) ‖ 白花蛇舌草的功效与主治 → 白花蛇舌草的功效与作用(0.97) ‖ 饭后血糖值正常范围是多少 → 饭后血糖正常值是多少范围(1.00) ‖ 黑苦荞茶的作用与功效 → 黑苦荞茶的功效和作用(0.99)
     [0.80–0.90] 屁眼痒是什么原因.越抓越痒 → 屁股痒是什么原因.越抓越痒(0.88) ‖ 人丹的功效与作用吃法 → 人丹丸的功效与作用(0.88) ‖ 氨基丁酸的作用与功效及副作用 → 氨基丁酸的功效与作用有哪些(0.90) ‖ aed是什么意思 → AED(0.84)
     [0.70–0.80] 脂肪瘤的最佳去除方法是什么 → 脂肪瘤怎么才能消除(0.75) ‖ 海石花的功效与作用 → 海金沙的功效与作用(0.74) ‖ 跟腱炎 → 跟腱炎怎样治疗好得快(0.78) ‖ 白带异常 → 白带(0.77)
     [<0.70] 脂20 → 脂肪(0.65) ‖ 憋尿训练(最痛苦) → 憋尿(0.70) ‖ 落枕是什么原因导致的 → 脖子落枕最快治愈方法(0.68) ‖ 锦波生物 → 博雅生物(0.68)
  assistant_top     → 2026搜索      median 0.881 | 完全相同  26.5% | ≥0.90  20.8% | 0.80–0.90  12.7% | 0.70–0.80  13.2% | <0.70  26.8%   (n=958, 探针)
     [≥0.90] 麦冬的功效 → 麦冬的功效与作用(0.97) ‖ 糖尿病的症状 → 糖尿病症状(0.98) ‖ 谷维素片功能主治 → 谷维素片的功效与主治(0.95) ‖ 胃癌早期症状 → 胃癌早期有什么症状(0.95)
     [0.80–0.90] 胃胀怎么回事 → 胃胀是什么原因引起的怎么解决(0.82) ‖ 甘油三酯偏高 → 甘油三酯偏高说明什么(0.88) ‖ 饭前还是饭后吃 → 健胃消食片饭前吃还是饭后吃效果好(0.82) ‖ 痛风的快速止痛的方法 → 痛风发作期怎么快速止痛消肿(0.85)
     [0.70–0.80] 西梅治便秘吗 → 西梅的功效与作用(0.77) ‖ 不痒 → 痒(0.75) ‖ 如何调理气虚兼痰湿体质 → 痰湿体质怎样调理能彻底去根(0.75) ‖ 便秘怎么治疗 → 便秘怎么改善和调理(0.79)
     [<0.70] 男性医生咨询 → 男科(0.68) ‖ 内裤变小 → 内裤总是湿漉漉的,而且发黄,有异味(0.59) ‖ 世界卫生组织提出的合理膳食的核心是什么？ → 餐后血糖多少属于正常范围(0.44) ‖ 喜来健理疗床 → 鬼压床(0.51)
  assistant_random  → 2026搜索      median 0.641 | 完全相同   0.1% | ≥0.90   1.7% | 0.80–0.90   4.8% | 0.70–0.80  20.1% | <0.70  73.2%   (n=998, 探针)
     [≥0.90] 姜厚朴的作用 → 姜厚朴的功效与作用(0.95) ‖ 经常便秘拉不出屎怎么办 → 便秘严重拉不出屎怎么办(0.92) ‖ 黄花菜功效 → 黄花菜的功效与作用(0.96) ‖ 11岁男童标准身高 → 11岁男孩正常身高是多少(0.91)
     [0.80–0.90] 大便感觉拉不干净 → 大便拉不干净,总感觉肛门那有大便(0.88) ‖ 做腰部核磁共振大概需要多少钱 → 磁共振做一次需要多少钱(0.83) ‖ 吃缬沙坦氨氯地平片可以喝吗 → 缬沙坦氨氯地平片的副作用(0.81) ‖ 过敏吃什么中成药最快最有效 → 过敏吃什么药最快最有效(0.87)
     [0.70–0.80] 小葵花小儿柴桂退热颗粒。16岁的可以喝吗？ → 小儿柴桂退热颗粒的功效与作用(0.77) ‖ 都说芹菜叶比杏含的能量要高，芹菜叶到底能吃吗？有 → 芹菜叶尽量少吃最好不吃(0.73) ‖ 盐酸米诺环素和复方珍珠暗疮胶囊和盐酸伐昔洛韦胶囊 → 盐酸米诺环素胶囊的作用和功效(0.72) ‖ 胃胀，吃什么肉吃什么药 → 胃胀,胃顶,不消化,胃胀气,吃什么药(0.73)
     [<0.70] 七岁男孩患有注意力中度障碍在无聊时无故发笑这样的 → 小孩子注意力不集中容易走神是什么原因(0.58) ‖ 我昨天练舞蹈的时候拉伤腰了不确定是不是真的拉上了 → 腰扭伤了如何快速恢复(0.59) ‖ 托拉塞米片不是利尿的吗问什么无尿患者禁用 → 托拉塞米的功效与作用(0.64) ‖ 有没有慢性心力衰竭的治疗指南PDF → 心衰(0.59)
  assistant_voice   → 2026搜索      median 0.682 | 完全相同   1.0% | ≥0.90   5.1% | 0.80–0.90  12.5% | 0.70–0.80  23.8% | <0.70  57.6%   (n=1,000, 探针)
     [≥0.90] 量体温一般几分钟 → 量体温几分钟准确(0.92) ‖ 胡椒功效与作用 → 胡椒的功效和作用(0.97) ‖ 黑枸杞的功效 → 黑枸杞的功效与作用(0.96) ‖ 鬼针草鬼针草的功效 → 鬼针草的功效与作用(0.96)
     [0.80–0.90] 硝酸甘油使用说明书 → 硝酸甘油的用法和用量(0.82) ‖ B2的作用和副作用 → b2维生素的作用及功能(0.82) ‖ 肌酐低 → 肌酐(0.85) ‖ 胃溃疡together → 胃溃疡(0.81)
     [0.70–0.80] 肠胃宁片和这个 → 肠胃宁片功效作用与主治(0.78) ‖ 茉莉花茶配什么喝 → 玫瑰花茶搭配什么喝最合适(0.79) ‖ 怎么打通中焦最好方法 → 中焦不通有哪些症状(0.71) ‖ 血糖高吃什么食用油最好最佳 → 血糖高吃什么最好降的快(0.75)
     [<0.70] 直流药水有什么作用 → 紫药水的作用和功效(0.60) ‖ 空腹5.4 → 空腹血糖(0.65) ‖ 小花筋疼 → 筋膜炎(0.60) ‖ 环境因素造成的输液中危立无难突定 → 多家医院叫停门诊输液(0.48)

===== 教育  (2026搜索参照池 n=9,981, device=mps) =====
  随机同域搜索对 cos: p50 0.261  p90 0.430  p99 0.591
  对照 2026搜索前1000 → 其余      median 0.858 | 完全相同   0.2% | ≥0.90  29.0% | 0.80–0.90  47.3% | 0.70–0.80  20.4% | <0.70   3.1%
  2025search        → 2026搜索      median 1.000 | 完全相同  67.4% | ≥0.90   6.7% | 0.80–0.90   9.7% | 0.70–0.80   8.1% | <0.70   8.1%   (n=9,989, 对照·时间)
     [≥0.90] 广东轻工职业技术学院 → 广东轻工职业技术大学(0.96) ‖ 志愿填报完多久可以知道录取结果 → 填完志愿后多久能查到录取结果(0.94) ‖ 宕怎么读 → 宕怎么读音(0.94) ‖ 山西一分一段表2025 → 山西一分一段表2026(0.91)
     [0.80–0.90] 福建中考成绩什么时候出 → 中考成绩什么时候出(0.89) ‖ 伊犁职业技术学院 → 伊春职业学院(0.86) ‖ 浙江财经大学录取分数线2024 → 浙江大学录取分数线2026是多少(0.83) ‖ 提前批什么意思 → 本科提前批什么意思(0.85)
     [0.70–0.80] 曲阜师范大学是一本还是二本 → 曲阜师范大学(0.78) ‖ 五道口职业技术学院 → 张家口职业技术学院(0.75) ‖ 文科就业前景最好的十大专业 → 文科生可以报哪些专业(0.77) ‖ 西安电子科技大学录取线2024 → 西安电子科技大学(0.78)
     [<0.70] 素描 → 画(0.70) ‖ 地方专项计划 → 地方专项计划招生是什么意思(0.68) ‖ auto → 自(0.67) ‖ 眼视光医学 → 眼视光技术专业学什么,前景如何(0.63)
  assistant_top     → 2026搜索      median 0.709 | 完全相同  18.7% | ≥0.90   1.2% | 0.80–0.90   7.6% | 0.70–0.80  25.3% | <0.70  47.3%   (n=859, 探针)
     [≥0.90] Hello hello → hello(0.95) ‖ 写作文 → 作文(0.91) ‖ 翻译英文 → 英文翻译(0.96) ‖ 为什么？ → 为什么(0.91)
     [0.80–0.90] 全部 → 全(0.83) ‖ 四字词语 → 四字成语(0.87) ‖ 标拼音 → 拼音(0.81) ‖ 用脱式计算 → 脱式计算什么意思(0.82)
     [0.70–0.80] 300字作文 → 作文(0.74) ‖ 写一篇作文 → 作文(0.77) ‖ 上颜色 → 色(0.74) ‖ 简 → simple(0.79)
     [<0.70] 学生 → 研究生(0.68) ‖ 换成透明 → 怎么(0.57) ‖ 宝贝即将步入一年级的句子 → 小学毕业家长对孩子寄语(0.56) ‖ 童年的好词好句 → 谜语大全儿童6到10岁(0.55)
  assistant_random  → 2026搜索      median 0.567 | 完全相同   0.1% | ≥0.90   0.4% | 0.80–0.90   1.5% | 0.70–0.80   7.4% | <0.70  90.5%   (n=970, 探针)
     [≥0.90] 劲拼音 → 劲的拼音(0.96) ‖ 论语原文十二章 → 论语十二章(0.94) ‖ opc是啥意思 → opc是什么意思(1.00) ‖ 湖南的分数线 → 湖南高考分数线(0.93)
     [0.80–0.90] 相聚的聚 → 聚(0.81) ‖ 北京电子科技学院在天津录取线 → 天津大学录取分数线(0.81) ‖ 我年 → 年(0.82) ‖ 成都理工大学在湖北的录取分数大概是多少 → 成都理工大学录取分数线(0.83)
     [0.70–0.80] 贰叁肆伍陆柒捌玖拾 → 壹,贰,叁,肆,伍,陆,柒,捌,玖,(0.80) ‖ 把上文翻译出来 → 翻译(0.71) ‖ 1单元到3单元所有的笔顺 → 里的笔顺(0.75) ‖ 请问一的平方是几一的平方是几是多少？请问一亿的平 → 平方怎么算(0.72)
     [<0.70] 大一护理专业见习证明模板 → 教育部学历证书电子注册备案表(0.56) ‖ 有没有适合小学生的孝行月模板 → 暑假计划表模板小学生(0.60) ‖ 渐行渐远且行且珍惜啥意思 → 路漫漫其修远兮吾将而求索的意思(0.57) ‖ 常州的乡村初中是否一般学生数量较少或 → 常州中招系统(0.56)

===== 影视  (2026搜索参照池 n=9,999, device=mps) =====
  随机同域搜索对 cos: p50 0.290  p90 0.417  p99 0.554
  对照 2026搜索前1000 → 其余      median 0.922 | 完全相同   5.7% | ≥0.90  52.2% | 0.80–0.90  28.0% | 0.70–0.80   9.6% | <0.70   4.5%
  2025search        → 2026搜索      median 0.876 | 完全相同  28.8% | ≥0.90  16.3% | 0.80–0.90  18.0% | 0.70–0.80  15.4% | <0.70  21.5%   (n=9,998, 对照·时间)
     [≥0.90] 斩神之凡尘神域动漫免费观看 → 斩神之凡尘神域免费观看(0.96) ‖ 《临江仙》免费观看完整版 → 临江仙电视剧免费观看全集(0.93) ‖ 斗罗大陆免费高清观看完整版在线观看 → 斗罗大陆高清免费观看在线(0.97) ‖ 一路向西电影免费版完整版在线观看 → 一路向西电影在线观看免费版国语(0.96)
     [0.80–0.90] 姐妹病毒免费高清完整版在线观看 → 姐妹病毒完整视频(0.90) ‖ 天降女子从2楼掉了下来未增减 → 天降女子从2楼掉下来了完整动漫(0.82) ‖ 逍遥电视剧免费观看全集完整版 → 逍遥电视剧(0.87) ‖ 奔跑吧第九季免费观看完整版 → 奔跑吧第十季免费观看(0.84)
     [0.70–0.80] 刘宇宁李一桐《书卷一梦》免费观看 → 书卷一梦全集免费观看高清(0.78) ‖ 凤凰台上电视剧免费观看完整版 → 火凤凰电视剧全集完整版免费观看(0.77) ‖ 漂亮的瘦子4 → 韩剧我漂亮的瘦子在线观看(0.73) ‖ 电影推荐情侣深夜 → 电影推荐(0.71)
     [<0.70] 黄金小子 → 小黄人(0.64) ‖ 轻井泽夫人电视剧免费观看 → 日剧大全免费观看电视剧在线(0.64) ‖ 蛋炒饭 → 情侣炒菜教程网站视频百度(0.47) ‖ 章鱼噼的原罪 → 原罪(0.64)
  assistant_top     → 2026搜索      median 0.728 | 完全相同  22.4% | ≥0.90   5.7% | 0.80–0.90  11.5% | 0.70–0.80  16.1% | <0.70  44.3%   (n=955, 探针)
     [≥0.90] 我们的少年时代二 → 我们的少年时代2(0.95) ‖ 密室大逃脱第8季 → 密室大逃脱第八季(0.99) ‖ 《OVERLORD》动漫 → overlord动漫(0.95) ‖ 醒来的电视剧 → 醒来电视剧(0.95)
     [0.80–0.90] 我们的少年时代2 电视剧 在线看 → 我们的少年时代2免费观看完整版(0.85) ‖ XL上司令第二季免费观看百度 → XL上司令第一季免费观看最新(0.89) ‖ 灭火宝贝美剧在线看完整版HD → 灭火宝贝2在线看免费高清完整版中文(0.82) ‖ 美女与野兽2009 → 美女与野兽(0.86)
     [0.70–0.80] 老板娘 → 老板的女儿(0.71) ‖ 洗澡 → 美女洗澡(0.71) ‖ 花开锦绣 在线看 → 锦绣芳华电视剧高清完整版在线观看(0.72) ‖ 《早春晴朗》车内吻戏封神 → 早春晴朗电视剧(0.70)
     [<0.70] 黑白 → 红与黑(0.63) ‖ 给我一个视频 → 视频(0.59) ‖ 《妻子的交易》结局讲了什么电影 → 男与女电影结局(0.56) ‖ 《少女的秘密心事》动漫 → 《憧憬成为魔法少女》动漫(0.66)
  assistant_random  → 2026搜索      median 0.556 | 完全相同   0.1% | ≥0.90   1.6% | 0.80–0.90   2.5% | 0.70–0.80   7.2% | <0.70  88.5%   (n=982, 探针)
     [≥0.90] 喜羊羊与灰太狼奇妙大营救免费观看 → 喜羊羊与灰太狼之奇妙大营救 动漫(0.91) ‖ 我的前半生第二部42集免费观看 → 我的前半生2视频观看全集免费(0.91) ‖ 东方卫视电视节目表 → 东方卫视节目表(0.99) ‖ 聊斋惊艳奇谭电影 → 聊斋艳谭电影(0.91)
     [0.80–0.90] 《新僵尸先生2》电影 → 新僵尸先生 电影(0.87) ‖ 梦中的那片海陈宏军 → 梦中的那片海 电视剧(0.83) ‖ 午马出演的全部电影 → 午马影视免费观看电视剧电影(0.82) ‖ 羊守12之古古怪界有古怪免费观看 → 喜羊羊与灰太狼之古古怪界有古怪(0.80)
     [0.70–0.80] 花开锦绣完整版在线看视频 → 锦绣芳华电视剧高清完整版在线观看(0.76) ‖ 悬案原型案件是什么 → 悬案(0.72) ‖ 韩国姐弟恋的韩剧 → 韩国电视剧(0.71) ‖ 2011到2025全球电影票房榜 → 电影票房排行榜(0.76)
     [<0.70] 抖音直播人数显示10万+怎么查看 → 抖音直播(0.62) ‖ 帮我整理徐钊的作案细节 → 我是刑警(0.56) ‖ 今日说法老周的艳遇 → 今日说法(0.59) ‖ 这家伙离谱啊，这百度跟同跟豆包一样，亲兄弟俩人多 → 我的兄弟叫顺溜(0.54)

===== 人物  (2026搜索参照池 n=9,982, device=mps) =====
  随机同域搜索对 cos: p50 0.298  p90 0.451  p99 0.612
  对照 2026搜索前1000 → 其余      median 0.819 | 完全相同   1.2% | ≥0.90  26.0% | 0.80–0.90  32.5% | 0.70–0.80  32.0% | <0.70   8.3%
  2025search        → 2026搜索      median 0.854 | 完全相同  45.1% | ≥0.90   2.5% | 0.80–0.90   8.5% | 0.70–0.80  16.6% | <0.70  27.3%   (n=9,983, 对照·时间)
     [≥0.90] 新疆自治区党委书记是谁 → 新疆自治区党委书记(0.95) ‖ 李宗仁简历个人资料 → 李宗仁简介(0.92) ‖ 关晓彤个人资料简介 → 关晓彤个人简介(0.98) ‖ 任贤齐个人资料 → 任贤齐个人资料简介(0.97)
     [0.80–0.90] 陈景润的个人资料及简介 → 陈景润(0.82) ‖ 帕尔梅拉斯 → 帕梅拉(0.82) ‖ 刘连昆 → 刘昆(0.86) ‖ 陈小江博士 → 陈小江(0.88)
     [0.70–0.80] 柬埔寨国王 → 泰国国王(0.76) ‖ 金城武个人简历资料 → 郭富城个人简历资料(0.75) ‖ 刘宪华个人简历资料 → 刘德华个人资料简介(0.80) ‖ 广西党委书记 → 山西省委书记(0.73)
     [<0.70] 科学家 → 人物(0.58) ‖ 刘楚昕作家 → 刘雨昕(0.70) ‖ 花姐 → 花仙子(0.68) ‖ 五虎上将 → 开国上将57人名单(0.58)
  assistant_top     → 2026搜索      median 0.828 | 完全相同  47.1% | ≥0.90   0.7% | 0.80–0.90   3.9% | 0.70–0.80  15.5% | <0.70  32.7%   (n=889, 探针)
     [≥0.90] 赵长鹏个人简介 → 赵长鹏个人资料简介(0.99) ‖ 张澜澜 → 张澜(0.91) ‖ 玛丽玛丽 → 玛丽(0.90) ‖ 许家印现在在哪里 → 许家印现在在什么地方呢(0.92)
     [0.80–0.90] 顾国宁 → 顾安国(0.82) ‖ 叶建春简历 → 叶建春(0.82) ‖ 兔女郎 → 兔娘(0.82) ‖ 陈武简历 → 陈俊武简介(0.82)
     [0.70–0.80] 宋丹丹菜市场被偶遇 → 宋丹丹(0.70) ‖ 杨洋上下班反差感好大 → 杨洋(0.72) ‖ 龙 → 神龙神龙(0.71) ‖ 田栩宁参与过哪些公益项目 → 田栩宁简介信息(0.79)
     [<0.70] 葫芦娃 → 哪吒(0.53) ‖ 什么级别 → 石泰锋什么级别(0.62) ‖ 四川小妹在B站有直播吗 → 李川个人资料简介(0.44) ‖ 这人是谁 → 人物(0.61)
  assistant_random  → 2026搜索      median 0.565 | 完全相同   0.5% | ≥0.90   0.1% | 0.80–0.90   1.7% | 0.70–0.80   9.1% | <0.70  88.6%   (n=950, 探针)
     [≥0.90] 甘肃省省党组书记 → 甘肃省委书记(0.92)
     [0.80–0.90] 李红军是否有新的职务调整 → 李红军任职公示(0.80) ‖ 国总统 → 国家总理(0.85) ‖ 上海历任市长和市委书记中谁最著名 → 上海市委现任书记是谁(0.85) ‖ 初音未来全身超高清图片 → 初音未来图片(0.85)
     [0.70–0.80] 鲍蕾演的节目演的电视剧 → 鲍蕾(0.77) ‖ 李志远这边这边 → 李志(0.71) ‖ 胡雪岩哪个儿子最有出息 → 胡锦涛的儿子(0.72) ‖ 韩愈的诗 → 韩愈(0.80)
     [<0.70] 蒋介石 慈禧太后哪个更负面？ → 蒋介石是好的还是坏的(0.63) ‖ 他的业绩那么好，政绩那么好，为什么不连任呢？ → 七一勋章获得者李连成事迹(0.49) ‖ 有没有周文碧少将的最新官方报道 → 杨博文的信息(0.53) ‖ 花木兰是哪个朝代的人物？ → 朱元璋是哪个朝代(0.59)

wrote semantic_nn.parquet 61464
